../Drivers/Components/st25dv/st25dv.c:78:9:ST25DV_RegisterBusIO	24	static
../Drivers/Components/st25dv/st25dv.c:120:16:ST25DV_Init	24	static
../Drivers/Components/st25dv/st25dv.c:145:16:ST25DV_ReadID	16	static
../Drivers/Components/st25dv/st25dv.c:159:16:ST25DV_IsDeviceReady	16	static
../Drivers/Components/st25dv/st25dv.c:180:16:ST25DV_GetGPOStatus	24	static
../Drivers/Components/st25dv/st25dv.c:211:16:ST25DV_ConfigureGPO	16	static
../Drivers/Components/st25dv/st25dv.c:225:16:ST25DV_ReadData	32	static
../Drivers/Components/st25dv/st25dv.c:239:16:ST25DV_WriteData	56	static
../Drivers/Components/st25dv/st25dv.c:297:9:ST25DV_ReadICRev	16	static
../Drivers/Components/st25dv/st25dv.c:310:9:ST25DV_ReadITPulse	24	static
../Drivers/Components/st25dv/st25dv.c:332:9:ST25DV_WriteITPulse	24	static
../Drivers/Components/st25dv/st25dv.c:352:9:ST25DV_ReadRegister	32	static
../Drivers/Components/st25dv/st25dv.c:367:9:ST25DV_WriteRegister	56	static
../Drivers/Components/st25dv/st25dv.c:424:9:ST25DV_ReadUID	32	static
../Drivers/Components/st25dv/st25dv.c:458:9:ST25DV_ReadDSFID	16	static
../Drivers/Components/st25dv/st25dv.c:470:9:ST25DV_ReadDsfidRFProtection	24	static
../Drivers/Components/st25dv/st25dv.c:499:9:ST25DV_ReadAFI	16	static
../Drivers/Components/st25dv/st25dv.c:511:9:ST25DV_ReadAfiRFProtection	24	static
../Drivers/Components/st25dv/st25dv.c:540:9:ST25DV_ReadI2CProtectZone	24	static
../Drivers/Components/st25dv/st25dv.c:567:9:ST25DV_WriteI2CProtectZonex	24	static
../Drivers/Components/st25dv/st25dv.c:607:9:ST25DV_ReadLockCCFile	24	static
../Drivers/Components/st25dv/st25dv.c:647:9:ST25DV_WriteLockCCFile	24	static
../Drivers/Components/st25dv/st25dv.c:685:9:ST25DV_ReadLockCFG	24	static
../Drivers/Components/st25dv/st25dv.c:715:9:ST25DV_WriteLockCFG	24	static
../Drivers/Components/st25dv/st25dv.c:732:9:ST25DV_PresentI2CPassword	48	static
../Drivers/Components/st25dv/st25dv.c:758:9:ST25DV_WriteI2CPassword	48	static
../Drivers/Components/st25dv/st25dv.c:785:9:ST25DV_ReadRFZxSS	32	static
../Drivers/Components/st25dv/st25dv.c:826:9:ST25DV_WriteRFZxSS	32	static
../Drivers/Components/st25dv/st25dv.c:865:9:ST25DV_ReadEndZonex	32	static
../Drivers/Components/st25dv/st25dv.c:899:9:ST25DV_WriteEndZonex	24	static
../Drivers/Components/st25dv/st25dv.c:931:9:ST25DV_InitEndZone	32	static
../Drivers/Components/st25dv/st25dv.c:971:9:ST25DV_CreateUserZone	40	static
../Drivers/Components/st25dv/st25dv.c:1045:9:ST25DV_ReadMemSize	24	static
../Drivers/Components/st25dv/st25dv.c:1076:9:ST25DV_ReadEHMode	24	static
../Drivers/Components/st25dv/st25dv.c:1106:9:ST25DV_WriteEHMode	24	static
../Drivers/Components/st25dv/st25dv.c:1123:9:ST25DV_ReadRFMngt	24	static
../Drivers/Components/st25dv/st25dv.c:1164:9:ST25DV_WriteRFMngt	16	static
../Drivers/Components/st25dv/st25dv.c:1175:9:ST25DV_GetRFDisable	24	static
../Drivers/Components/st25dv/st25dv.c:1205:9:ST25DV_SetRFDisable	24	static
../Drivers/Components/st25dv/st25dv.c:1219:9:ST25DV_ResetRFDisable	24	static
../Drivers/Components/st25dv/st25dv.c:1233:9:ST25DV_GetRFSleep	24	static
../Drivers/Components/st25dv/st25dv.c:1264:9:ST25DV_SetRFSleep	24	static
../Drivers/Components/st25dv/st25dv.c:1278:9:ST25DV_ResetRFSleep	24	static
../Drivers/Components/st25dv/st25dv.c:1292:9:ST25DV_ReadMBMode	24	static
../Drivers/Components/st25dv/st25dv.c:1321:9:ST25DV_WriteMBMode	24	static
../Drivers/Components/st25dv/st25dv.c:1340:9:ST25DV_ReadMBWDG	16	static
../Drivers/Components/st25dv/st25dv.c:1353:9:ST25DV_WriteMBWDG	16	static
../Drivers/Components/st25dv/st25dv.c:1367:9:ST25DV_ReadMailboxData	40	static
../Drivers/Components/st25dv/st25dv.c:1385:9:ST25DV_WriteMailboxData	40	static
../Drivers/Components/st25dv/st25dv.c:1407:9:ST25DV_ReadMailboxRegister	40	static
../Drivers/Components/st25dv/st25dv.c:1426:9:ST25DV_WriteMailboxRegister	40	static
../Drivers/Components/st25dv/st25dv.c:1444:9:ST25DV_ReadI2CSecuritySession_Dyn	24	static
../Drivers/Components/st25dv/st25dv.c:1482:9:ST25DV_ReadITSTStatus_Dyn	16	static
../Drivers/Components/st25dv/st25dv.c:1494:9:ST25DV_ReadGPO_Dyn	16	static
../Drivers/Components/st25dv/st25dv.c:1506:9:ST25DV_GetGPO_en_Dyn	24	static
../Drivers/Components/st25dv/st25dv.c:1534:9:ST25DV_SetGPO_en_Dyn	24	static
../Drivers/Components/st25dv/st25dv.c:1548:9:ST25DV_ResetGPO_en_Dyn	24	static
../Drivers/Components/st25dv/st25dv.c:1562:9:ST25DV_ReadEHCtrl_Dyn	24	static
../Drivers/Components/st25dv/st25dv.c:1622:9:ST25DV_GetEHENMode_Dyn	24	static
../Drivers/Components/st25dv/st25dv.c:1650:9:ST25DV_SetEHENMode_Dyn	24	static
../Drivers/Components/st25dv/st25dv.c:1663:9:ST25DV_ResetEHENMode_Dyn	24	static
../Drivers/Components/st25dv/st25dv.c:1677:9:ST25DV_GetEHON_Dyn	24	static
../Drivers/Components/st25dv/st25dv.c:1707:9:ST25DV_GetRFField_Dyn	24	static
../Drivers/Components/st25dv/st25dv.c:1737:9:ST25DV_GetVCC_Dyn	24	static
../Drivers/Components/st25dv/st25dv.c:1767:9:ST25DV_ReadRFMngt_Dyn	24	static
../Drivers/Components/st25dv/st25dv.c:1807:9:ST25DV_WriteRFMngt_Dyn	16	static
../Drivers/Components/st25dv/st25dv.c:1819:9:ST25DV_GetRFDisable_Dyn	24	static
../Drivers/Components/st25dv/st25dv.c:1848:9:ST25DV_SetRFDisable_Dyn	24	static
../Drivers/Components/st25dv/st25dv.c:1860:9:ST25DV_ResetRFDisable_Dyn	24	static
../Drivers/Components/st25dv/st25dv.c:1873:9:ST25DV_GetRFSleep_Dyn	24	static
../Drivers/Components/st25dv/st25dv.c:1902:9:ST25DV_SetRFSleep_Dyn	24	static
../Drivers/Components/st25dv/st25dv.c:1914:9:ST25DV_ResetRFSleep_Dyn	24	static
../Drivers/Components/st25dv/st25dv.c:1927:9:ST25DV_ReadMBCtrl_Dyn	24	static
../Drivers/Components/st25dv/st25dv.c:1952:9:ST25DV_GetMBEN_Dyn	24	static
../Drivers/Components/st25dv/st25dv.c:1978:9:ST25DV_SetMBEN_Dyn	24	static
../Drivers/Components/st25dv/st25dv.c:1991:9:ST25DV_ResetMBEN_Dyn	24	static
../Drivers/Components/st25dv/st25dv.c:2005:9:ST25DV_ReadMBLength_Dyn	16	static
../Drivers/Components/st25dv/st25dv.c:2011:16:ReadRegWrap	40	static
../Drivers/Components/st25dv/st25dv.c:2024:16:WriteRegWrap	48	static
