../Drivers/Components/st25dv/st25dv_reg.c:21:9:st25dv_readreg	32	static
../Drivers/Components/st25dv/st25dv_reg.c:26:9:st25dv_WriteReg	32	static
../Drivers/Components/st25dv/st25dv_reg.c:33:9:st25dv_get_icref	16	static
../Drivers/Components/st25dv/st25dv_reg.c:40:9:st25dv_get_enda1	16	static
../Drivers/Components/st25dv/st25dv_reg.c:47:9:st25dv_set_enda1	16	static
../Drivers/Components/st25dv/st25dv_reg.c:52:9:st25dv_get_enda2	16	static
../Drivers/Components/st25dv/st25dv_reg.c:59:9:st25dv_set_enda2	16	static
../Drivers/Components/st25dv/st25dv_reg.c:64:9:st25dv_get_enda3	16	static
../Drivers/Components/st25dv/st25dv_reg.c:71:9:st25dv_set_enda3	16	static
../Drivers/Components/st25dv/st25dv_reg.c:76:9:st25dv_get_dsfid	16	static
../Drivers/Components/st25dv/st25dv_reg.c:83:9:st25dv_get_afi	16	static
../Drivers/Components/st25dv/st25dv_reg.c:90:9:st25dv_get_mem_size_msb	16	static
../Drivers/Components/st25dv/st25dv_reg.c:97:9:st25dv_get_blk_size	16	static
../Drivers/Components/st25dv/st25dv_reg.c:104:9:st25dv_get_mem_size_lsb	16	static
../Drivers/Components/st25dv/st25dv_reg.c:111:9:st25dv_get_icrev	16	static
../Drivers/Components/st25dv/st25dv_reg.c:118:9:st25dv_get_uid	16	static
../Drivers/Components/st25dv/st25dv_reg.c:125:9:st25dv_get_i2cpasswd	16	static
../Drivers/Components/st25dv/st25dv_reg.c:132:9:st25dv_set_i2cpasswd	16	static
../Drivers/Components/st25dv/st25dv_reg.c:139:9:st25dv_get_lockdsfid	16	static
../Drivers/Components/st25dv/st25dv_reg.c:146:9:st25dv_get_lockafi	16	static
../Drivers/Components/st25dv/st25dv_reg.c:153:9:st25dv_get_mb_mode_rw	16	static
../Drivers/Components/st25dv/st25dv_reg.c:162:9:st25dv_set_mb_mode_rw	24	static
../Drivers/Components/st25dv/st25dv_reg.c:176:9:st25dv_get_mblen_dyn_mblen	16	static
../Drivers/Components/st25dv/st25dv_reg.c:183:9:st25dv_get_mb_ctrl_dyn_mben	16	static
../Drivers/Components/st25dv/st25dv_reg.c:192:9:st25dv_set_mb_ctrl_dyn_mben	24	static
../Drivers/Components/st25dv/st25dv_reg.c:206:9:st25dv_get_mb_ctrl_dyn_hostputmsg	16	static
../Drivers/Components/st25dv/st25dv_reg.c:215:9:st25dv_get_mb_ctrl_dyn_rfputmsg	16	static
../Drivers/Components/st25dv/st25dv_reg.c:224:9:st25dv_get_mb_ctrl_dyn_streserved	16	static
../Drivers/Components/st25dv/st25dv_reg.c:233:9:st25dv_get_mb_ctrl_dyn_hostmissmsg	16	static
../Drivers/Components/st25dv/st25dv_reg.c:242:9:st25dv_get_mb_ctrl_dyn_rfmissmsg	16	static
../Drivers/Components/st25dv/st25dv_reg.c:251:9:st25dv_get_mb_ctrl_dyn_currentmsg	16	static
../Drivers/Components/st25dv/st25dv_reg.c:260:9:st25dv_get_mb_ctrl_dyn_all	16	static
../Drivers/Components/st25dv/st25dv_reg.c:267:9:st25dv_get_mb_wdg_delay	16	static
../Drivers/Components/st25dv/st25dv_reg.c:276:9:st25dv_set_mb_wdg_delay	24	static
../Drivers/Components/st25dv/st25dv_reg.c:290:9:st25dv_get_gpo_rfuserstate	16	static
../Drivers/Components/st25dv/st25dv_reg.c:299:9:st25dv_set_gpo_rfuserstate	24	static
../Drivers/Components/st25dv/st25dv_reg.c:313:9:st25dv_get_gpo_rfactivity	16	static
../Drivers/Components/st25dv/st25dv_reg.c:322:9:st25dv_set_gpo_rfactivity	24	static
../Drivers/Components/st25dv/st25dv_reg.c:336:9:st25dv_get_gpo_rfinterrupt	16	static
../Drivers/Components/st25dv/st25dv_reg.c:345:9:st25dv_set_gpo_rfinterrupt	24	static
../Drivers/Components/st25dv/st25dv_reg.c:359:9:st25dv_get_gpo_fieldchange	16	static
../Drivers/Components/st25dv/st25dv_reg.c:368:9:st25dv_set_gpo_fieldchange	24	static
../Drivers/Components/st25dv/st25dv_reg.c:382:9:st25dv_get_gpo_rfputmsg	16	static
../Drivers/Components/st25dv/st25dv_reg.c:391:9:st25dv_set_gpo_rfputmsg	24	static
../Drivers/Components/st25dv/st25dv_reg.c:405:9:st25dv_get_gpo_rfgetmsg	16	static
../Drivers/Components/st25dv/st25dv_reg.c:414:9:st25dv_set_gpo_rfgetmsg	24	static
../Drivers/Components/st25dv/st25dv_reg.c:428:9:st25dv_get_gpo_rfwrite	16	static
../Drivers/Components/st25dv/st25dv_reg.c:437:9:st25dv_set_gpo_rfwrite	24	static
../Drivers/Components/st25dv/st25dv_reg.c:451:9:st25dv_get_gpo_enable	16	static
../Drivers/Components/st25dv/st25dv_reg.c:460:9:st25dv_set_gpo_enable	24	static
../Drivers/Components/st25dv/st25dv_reg.c:474:9:st25dv_get_gpo_all	16	static
../Drivers/Components/st25dv/st25dv_reg.c:481:9:st25dv_set_gpo_all	16	static
../Drivers/Components/st25dv/st25dv_reg.c:488:9:st25dv_get_gpo_dyn_rfuserstate	16	static
../Drivers/Components/st25dv/st25dv_reg.c:497:9:st25dv_set_gpo_dyn_rfuserstate	24	static
../Drivers/Components/st25dv/st25dv_reg.c:511:9:st25dv_get_gpo_dyn_rfactivity	16	static
../Drivers/Components/st25dv/st25dv_reg.c:520:9:st25dv_set_gpo_dyn_rfactivity	24	static
../Drivers/Components/st25dv/st25dv_reg.c:534:9:st25dv_get_gpo_dyn_rfinterrupt	16	static
../Drivers/Components/st25dv/st25dv_reg.c:543:9:st25dv_set_gpo_dyn_rfinterrupt	24	static
../Drivers/Components/st25dv/st25dv_reg.c:557:9:st25dv_get_gpo_dyn_fieldchange	16	static
../Drivers/Components/st25dv/st25dv_reg.c:566:9:st25dv_set_gpo_dyn_fieldchange	24	static
../Drivers/Components/st25dv/st25dv_reg.c:580:9:st25dv_get_gpo_dyn_rfputmsg	16	static
../Drivers/Components/st25dv/st25dv_reg.c:589:9:st25dv_set_gpo_dyn_rfputmsg	24	static
../Drivers/Components/st25dv/st25dv_reg.c:603:9:st25dv_get_gpo_dyn_rfgetmsg	16	static
../Drivers/Components/st25dv/st25dv_reg.c:612:9:st25dv_set_gpo_dyn_rfgetmsg	24	static
../Drivers/Components/st25dv/st25dv_reg.c:626:9:st25dv_get_gpo_dyn_rfwrite	16	static
../Drivers/Components/st25dv/st25dv_reg.c:635:9:st25dv_set_gpo_dyn_rfwrite	24	static
../Drivers/Components/st25dv/st25dv_reg.c:649:9:st25dv_get_gpo_dyn_enable	16	static
../Drivers/Components/st25dv/st25dv_reg.c:658:9:st25dv_set_gpo_dyn_enable	24	static
../Drivers/Components/st25dv/st25dv_reg.c:672:9:st25dv_get_gpo_dyn_all	16	static
../Drivers/Components/st25dv/st25dv_reg.c:679:9:st25dv_set_gpo_dyn_all	16	static
../Drivers/Components/st25dv/st25dv_reg.c:686:9:st25dv_get_ittime_delay	16	static
../Drivers/Components/st25dv/st25dv_reg.c:695:9:st25dv_set_ittime_delay	24	static
../Drivers/Components/st25dv/st25dv_reg.c:709:9:st25dv_get_itsts_dyn_rfuserstate	16	static
../Drivers/Components/st25dv/st25dv_reg.c:718:9:st25dv_get_itsts_dyn_rfactivity	16	static
../Drivers/Components/st25dv/st25dv_reg.c:727:9:st25dv_get_itsts_dyn_rfinterrupt	16	static
../Drivers/Components/st25dv/st25dv_reg.c:736:9:st25dv_get_itsts_dyn_fieldfalling	16	static
../Drivers/Components/st25dv/st25dv_reg.c:745:9:st25dv_get_itsts_dyn_fieldrising	16	static
../Drivers/Components/st25dv/st25dv_reg.c:754:9:st25dv_get_itsts_dyn_rfputmsg	16	static
../Drivers/Components/st25dv/st25dv_reg.c:763:9:st25dv_get_itsts_dyn_rfgetmsg	16	static
../Drivers/Components/st25dv/st25dv_reg.c:772:9:st25dv_get_itsts_dyn_rfwrite	16	static
../Drivers/Components/st25dv/st25dv_reg.c:781:9:st25dv_get_itsts_dyn_all	16	static
../Drivers/Components/st25dv/st25dv_reg.c:788:9:st25dv_get_eh_mode	16	static
../Drivers/Components/st25dv/st25dv_reg.c:797:9:st25dv_set_eh_mode	24	static
../Drivers/Components/st25dv/st25dv_reg.c:811:9:st25dv_get_eh_ctrl_dyn_eh_en	16	static
../Drivers/Components/st25dv/st25dv_reg.c:820:9:st25dv_set_eh_ctrl_dyn_eh_en	24	static
../Drivers/Components/st25dv/st25dv_reg.c:834:9:st25dv_get_eh_ctrl_dyn_eh_on	16	static
../Drivers/Components/st25dv/st25dv_reg.c:843:9:st25dv_get_eh_ctrl_dyn_field_on	16	static
../Drivers/Components/st25dv/st25dv_reg.c:852:9:st25dv_get_eh_ctrl_dyn_vcc_on	16	static
../Drivers/Components/st25dv/st25dv_reg.c:861:9:st25dv_get_eh_ctrl_dyn_all	16	static
../Drivers/Components/st25dv/st25dv_reg.c:870:9:st25dv_get_rf_mngt_rfdis	16	static
../Drivers/Components/st25dv/st25dv_reg.c:879:9:st25dv_set_rf_mngt_rfdis	24	static
../Drivers/Components/st25dv/st25dv_reg.c:893:9:st25dv_get_rf_mngt_rfsleep	16	static
../Drivers/Components/st25dv/st25dv_reg.c:902:9:st25dv_set_rf_mngt_rfsleep	24	static
../Drivers/Components/st25dv/st25dv_reg.c:916:9:st25dv_get_rf_mngt_all	16	static
../Drivers/Components/st25dv/st25dv_reg.c:925:9:st25dv_set_rf_mngt_all	24	static
../Drivers/Components/st25dv/st25dv_reg.c:939:9:st25dv_get_rf_mngt_dyn_rfdis	16	static
../Drivers/Components/st25dv/st25dv_reg.c:948:9:st25dv_set_rf_mngt_dyn_rfdis	24	static
../Drivers/Components/st25dv/st25dv_reg.c:962:9:st25dv_get_rf_mngt_dyn_rfsleep	16	static
../Drivers/Components/st25dv/st25dv_reg.c:971:9:st25dv_set_rf_mngt_dyn_rfsleep	24	static
../Drivers/Components/st25dv/st25dv_reg.c:985:9:st25dv_get_rf_mngt_dyn_all	16	static
../Drivers/Components/st25dv/st25dv_reg.c:994:9:st25dv_set_rf_mngt_dyn_all	24	static
../Drivers/Components/st25dv/st25dv_reg.c:1008:9:st25dv_get_rfa1ss_pwdctrl	16	static
../Drivers/Components/st25dv/st25dv_reg.c:1017:9:st25dv_set_rfa1ss_pwdctrl	24	static
../Drivers/Components/st25dv/st25dv_reg.c:1031:9:st25dv_get_rfa1ss_rwprot	16	static
../Drivers/Components/st25dv/st25dv_reg.c:1040:9:st25dv_set_rfa1ss_rwprot	24	static
../Drivers/Components/st25dv/st25dv_reg.c:1054:9:st25dv_get_rfa1ss_all	16	static
../Drivers/Components/st25dv/st25dv_reg.c:1063:9:st25dv_set_rfa1ss_all	24	static
../Drivers/Components/st25dv/st25dv_reg.c:1077:9:st25dv_get_rfa2ss_pwdctrl	16	static
../Drivers/Components/st25dv/st25dv_reg.c:1086:9:st25dv_set_rfa2ss_pwdctrl	24	static
../Drivers/Components/st25dv/st25dv_reg.c:1100:9:st25dv_get_rfa2ss_rwprot	16	static
../Drivers/Components/st25dv/st25dv_reg.c:1109:9:st25dv_set_rfa2ss_rwprot	24	static
../Drivers/Components/st25dv/st25dv_reg.c:1123:9:st25dv_get_rfa2ss_all	16	static
../Drivers/Components/st25dv/st25dv_reg.c:1132:9:st25dv_set_rfa2ss_all	24	static
../Drivers/Components/st25dv/st25dv_reg.c:1146:9:st25dv_get_rfa3ss_pwdctrl	16	static
../Drivers/Components/st25dv/st25dv_reg.c:1155:9:st25dv_set_rfa3ss_pwdctrl	24	static
../Drivers/Components/st25dv/st25dv_reg.c:1169:9:st25dv_get_rfa3ss_rwprot	16	static
../Drivers/Components/st25dv/st25dv_reg.c:1178:9:st25dv_set_rfa3ss_rwprot	24	static
../Drivers/Components/st25dv/st25dv_reg.c:1192:9:st25dv_get_rfa3ss_all	16	static
../Drivers/Components/st25dv/st25dv_reg.c:1201:9:st25dv_set_rfa3ss_all	24	static
../Drivers/Components/st25dv/st25dv_reg.c:1215:9:st25dv_get_rfa4ss_pwdctrl	16	static
../Drivers/Components/st25dv/st25dv_reg.c:1224:9:st25dv_set_rfa4ss_pwdctrl	24	static
../Drivers/Components/st25dv/st25dv_reg.c:1238:9:st25dv_get_rfa4ss_rwprot	16	static
../Drivers/Components/st25dv/st25dv_reg.c:1247:9:st25dv_set_rfa4ss_rwprot	24	static
../Drivers/Components/st25dv/st25dv_reg.c:1261:9:st25dv_get_rfa4ss_all	16	static
../Drivers/Components/st25dv/st25dv_reg.c:1270:9:st25dv_set_rfa4ss_all	24	static
../Drivers/Components/st25dv/st25dv_reg.c:1284:9:st25dv_get_i2css_pz1	16	static
../Drivers/Components/st25dv/st25dv_reg.c:1293:9:st25dv_set_i2css_pz1	24	static
../Drivers/Components/st25dv/st25dv_reg.c:1307:9:st25dv_get_i2css_pz2	16	static
../Drivers/Components/st25dv/st25dv_reg.c:1316:9:st25dv_set_i2css_pz2	24	static
../Drivers/Components/st25dv/st25dv_reg.c:1330:9:st25dv_get_i2css_pz3	16	static
../Drivers/Components/st25dv/st25dv_reg.c:1339:9:st25dv_set_i2css_pz3	24	static
../Drivers/Components/st25dv/st25dv_reg.c:1353:9:st25dv_get_i2css_pz4	16	static
../Drivers/Components/st25dv/st25dv_reg.c:1362:9:st25dv_set_i2css_pz4	24	static
../Drivers/Components/st25dv/st25dv_reg.c:1376:9:st25dv_get_i2css_all	16	static
../Drivers/Components/st25dv/st25dv_reg.c:1383:9:st25dv_set_i2css_all	16	static
../Drivers/Components/st25dv/st25dv_reg.c:1390:9:st25dv_get_lockccfile_blck0	16	static
../Drivers/Components/st25dv/st25dv_reg.c:1399:9:st25dv_set_lockccfile_blck0	24	static
../Drivers/Components/st25dv/st25dv_reg.c:1413:9:st25dv_get_lockccfile_blck1	16	static
../Drivers/Components/st25dv/st25dv_reg.c:1422:9:st25dv_set_lockccfile_blck1	24	static
../Drivers/Components/st25dv/st25dv_reg.c:1436:9:st25dv_get_lockccfile_all	16	static
../Drivers/Components/st25dv/st25dv_reg.c:1445:9:st25dv_set_lockccfile_all	24	static
../Drivers/Components/st25dv/st25dv_reg.c:1459:9:st25dv_get_lockcfg_b0	16	static
../Drivers/Components/st25dv/st25dv_reg.c:1468:9:st25dv_set_lockcfg_b0	24	static
../Drivers/Components/st25dv/st25dv_reg.c:1482:9:st25dv_get_i2c_sso_dyn_i2csso	16	static
