../Drivers/Components/lsm303dlhc/lsm303dlhc.c:92:6:LSM303DLHC_AccInit	24	static
../Drivers/Components/lsm303dlhc/lsm303dlhc.c:113:6:LSM303DLHC_AccDeInit	4	static
../Drivers/Components/lsm303dlhc/lsm303dlhc.c:122:9:LSM303DLHC_AccReadID	16	static
../Drivers/Components/lsm303dlhc/lsm303dlhc.c:140:6:LSM303DLHC_AccRebootCmd	16	static
../Drivers/Components/lsm303dlhc/lsm303dlhc.c:159:6:LSM303DLHC_AccFilterConfig	24	static
../Drivers/Components/lsm303dlhc/lsm303dlhc.c:181:6:LSM303DLHC_AccFilterCmd	24	static
../Drivers/Components/lsm303dlhc/lsm303dlhc.c:201:6:LSM303DLHC_AccReadXYZ	40	static
../Drivers/Components/lsm303dlhc/lsm303dlhc.c:270:6:LSM303DLHC_AccFilterClickCmd	24	static
../Drivers/Components/lsm303dlhc/lsm303dlhc.c:298:6:LSM303DLHC_AccIT1Enable	24	static
../Drivers/Components/lsm303dlhc/lsm303dlhc.c:325:6:LSM303DLHC_AccIT1Disable	24	static
../Drivers/Components/lsm303dlhc/lsm303dlhc.c:351:6:LSM303DLHC_AccIT2Enable	24	static
../Drivers/Components/lsm303dlhc/lsm303dlhc.c:377:6:LSM303DLHC_AccIT2Disable	24	static
../Drivers/Components/lsm303dlhc/lsm303dlhc.c:397:6:LSM303DLHC_AccINT1InterruptEnable	24	static
../Drivers/Components/lsm303dlhc/lsm303dlhc.c:417:6:LSM303DLHC_AccINT1InterruptDisable	24	static
../Drivers/Components/lsm303dlhc/lsm303dlhc.c:437:6:LSM303DLHC_AccINT2InterruptEnable	24	static
../Drivers/Components/lsm303dlhc/lsm303dlhc.c:457:6:LSM303DLHC_AccINT2InterruptDisable	24	static
../Drivers/Components/lsm303dlhc/lsm303dlhc.c:476:6:LSM303DLHC_AccClickITEnable	24	static
../Drivers/Components/lsm303dlhc/lsm303dlhc.c:510:6:LSM303DLHC_AccClickITDisable	24	static
../Drivers/Components/lsm303dlhc/lsm303dlhc.c:529:6:LSM303DLHC_AccZClickITConfig	8	static
