../Drivers/Components/stmpe1600/stmpe1600.c:100:6:stmpe1600_Init	24	static
../Drivers/Components/stmpe1600/stmpe1600.c:132:6:stmpe1600_Start	16	static
../Drivers/Components/stmpe1600/stmpe1600.c:142:6:stmpe1600_Reset	16	static
../Drivers/Components/stmpe1600/stmpe1600.c:162:10:stmpe1600_ReadID	24	static
../Drivers/Components/stmpe1600/stmpe1600.c:184:6:stmpe1600_SetITPolarity	24	static
../Drivers/Components/stmpe1600/stmpe1600.c:206:6:stmpe1600_EnableGlobalIT	24	static
../Drivers/Components/stmpe1600/stmpe1600.c:230:6:stmpe1600_DisableGlobalIT	24	static
../Drivers/Components/stmpe1600/stmpe1600.c:255:6:stmpe1600_IO_InitPin	24	static
../Drivers/Components/stmpe1600/stmpe1600.c:291:9:stmpe1600_IO_Config	24	static
../Drivers/Components/stmpe1600/stmpe1600.c:347:6:stmpe1600_IO_PolarityInv_Enable	24	static
../Drivers/Components/stmpe1600/stmpe1600.c:371:6:stmpe1600_IO_PolarityInv_Disable	24	static
../Drivers/Components/stmpe1600/stmpe1600.c:396:6:stmpe1600_IO_WritePin	24	static
../Drivers/Components/stmpe1600/stmpe1600.c:427:10:stmpe1600_IO_ReadPin	24	static
../Drivers/Components/stmpe1600/stmpe1600.c:448:6:stmpe1600_IO_EnablePinIT	24	static
../Drivers/Components/stmpe1600/stmpe1600.c:475:6:stmpe1600_IO_DisablePinIT	24	static
../Drivers/Components/stmpe1600/stmpe1600.c:500:10:stmpe1600_IO_ITStatus	24	static
../Drivers/Components/stmpe1600/stmpe1600.c:522:9:stmpe1600_IO_ReadIT	24	static
../Drivers/Components/stmpe1600/stmpe1600.c:540:6:stmpe1600_IO_ClearIT	24	static
../Drivers/Components/stmpe1600/stmpe1600.c:554:16:stmpe1600_GetInstance	24	static
