../Drivers/Components/ft5336/ft5336.c:129:6:ft5336_Init	16	static
../Drivers/Components/ft5336/ft5336.c:145:6:ft5336_Reset	16	static
../Drivers/Components/ft5336/ft5336.c:157:10:ft5336_ReadID	24	static
../Drivers/Components/ft5336/ft5336.c:189:6:ft5336_TS_Start	16	static
../Drivers/Components/ft5336/ft5336.c:206:9:ft5336_TS_DetectTouch	24	static
../Drivers/Components/ft5336/ft5336.c:238:6:ft5336_TS_GetXY	32	static
../Drivers/Components/ft5336/ft5336.c:359:6:ft5336_TS_EnableIT	24	static
../Drivers/Components/ft5336/ft5336.c:374:6:ft5336_TS_DisableIT	24	static
../Drivers/Components/ft5336/ft5336.c:391:9:ft5336_TS_ITStatus	16	static
../Drivers/Components/ft5336/ft5336.c:404:6:ft5336_TS_ClearIT	16	static
../Drivers/Components/ft5336/ft5336.c:419:6:ft5336_TS_GetGestureID	24	static
../Drivers/Components/ft5336/ft5336.c:443:6:ft5336_TS_GetTouchInfo	32	static
../Drivers/Components/ft5336/ft5336.c:552:16:ft5336_Get_I2C_InitializedStatus	4	static
../Drivers/Components/ft5336/ft5336.c:562:13:ft5336_I2C_InitializeIfRequired	8	static
../Drivers/Components/ft5336/ft5336.c:579:17:ft5336_TS_Configure	24	static
