../Drivers/Components/stmpe811/stmpe811.c:113:6:stmpe811_Init	24	static
../Drivers/Components/stmpe811/stmpe811.c:146:6:stmpe811_Reset	16	static
../Drivers/Components/stmpe811/stmpe811.c:166:10:stmpe811_ReadID	24	static
../Drivers/Components/stmpe811/stmpe811.c:181:6:stmpe811_EnableGlobalIT	24	static
../Drivers/Components/stmpe811/stmpe811.c:200:6:stmpe811_DisableGlobalIT	24	static
../Drivers/Components/stmpe811/stmpe811.c:228:6:stmpe811_EnableITSource	24	static
../Drivers/Components/stmpe811/stmpe811.c:255:6:stmpe811_DisableITSource	24	static
../Drivers/Components/stmpe811/stmpe811.c:277:6:stmpe811_SetITPolarity	24	static
../Drivers/Components/stmpe811/stmpe811.c:303:6:stmpe811_SetITType	24	static
../Drivers/Components/stmpe811/stmpe811.c:334:9:stmpe811_GlobalITStatus	16	static
../Drivers/Components/stmpe811/stmpe811.c:353:9:stmpe811_ReadGITStatus	16	static
../Drivers/Components/stmpe811/stmpe811.c:373:6:stmpe811_ClearGlobalIT	16	static
../Drivers/Components/stmpe811/stmpe811.c:387:6:stmpe811_IO_Start	24	static
../Drivers/Components/stmpe811/stmpe811.c:419:9:stmpe811_IO_Config	24	static
../Drivers/Components/stmpe811/stmpe811.c:482:6:stmpe811_IO_InitPin	24	static
../Drivers/Components/stmpe811/stmpe811.c:511:6:stmpe811_IO_DisableAF	24	static
../Drivers/Components/stmpe811/stmpe811.c:534:6:stmpe811_IO_EnableAF	24	static
../Drivers/Components/stmpe811/stmpe811.c:559:6:stmpe811_IO_SetEdgeMode	24	static
../Drivers/Components/stmpe811/stmpe811.c:599:6:stmpe811_IO_WritePin	16	static
../Drivers/Components/stmpe811/stmpe811.c:622:10:stmpe811_IO_ReadPin	16	static
../Drivers/Components/stmpe811/stmpe811.c:632:6:stmpe811_IO_EnableIT	16	static
../Drivers/Components/stmpe811/stmpe811.c:648:6:stmpe811_IO_DisableIT	16	static
../Drivers/Components/stmpe811/stmpe811.c:665:6:stmpe811_IO_EnablePinIT	24	static
../Drivers/Components/stmpe811/stmpe811.c:687:6:stmpe811_IO_DisablePinIT	24	static
../Drivers/Components/stmpe811/stmpe811.c:708:10:stmpe811_IO_ITStatus	16	static
../Drivers/Components/stmpe811/stmpe811.c:721:6:stmpe811_IO_ClearIT	16	static
../Drivers/Components/stmpe811/stmpe811.c:744:6:stmpe811_TS_Start	24	static
../Drivers/Components/stmpe811/stmpe811.c:819:9:stmpe811_TS_DetectTouch	24	static
../Drivers/Components/stmpe811/stmpe811.c:851:6:stmpe811_TS_GetXY	32	static
../Drivers/Components/stmpe811/stmpe811.c:874:6:stmpe811_TS_EnableIT	16	static
../Drivers/Components/stmpe811/stmpe811.c:890:6:stmpe811_TS_DisableIT	16	static
../Drivers/Components/stmpe811/stmpe811.c:904:9:stmpe811_TS_ITStatus	16	static
../Drivers/Components/stmpe811/stmpe811.c:915:6:stmpe811_TS_ClearIT	16	static
../Drivers/Components/stmpe811/stmpe811.c:927:16:stmpe811_GetInstance	24	static
