../Core/Src/stm32l475e_iot01.c:131:10:BSP_GetVersion	4	static
../Core/Src/stm32l475e_iot01.c:142:6:BSP_LED_Init	40	static
../Core/Src/stm32l475e_iot01.c:162:6:BSP_LED_DeInit	40	static
../Core/Src/stm32l475e_iot01.c:180:6:BSP_LED_On	16	static
../Core/Src/stm32l475e_iot01.c:191:6:BSP_LED_Off	16	static
../Core/Src/stm32l475e_iot01.c:202:6:BSP_LED_Toggle	16	static
../Core/Src/stm32l475e_iot01.c:218:6:BSP_PB_Init	40	static
../Core/Src/stm32l475e_iot01.c:259:6:BSP_PB_DeInit	40	static
../Core/Src/stm32l475e_iot01.c:276:10:BSP_PB_GetState	16	static
../Core/Src/stm32l475e_iot01.c:289:6:BSP_COM_Init	48	static
../Core/Src/stm32l475e_iot01.c:327:6:BSP_COM_DeInit	16	static
../Core/Src/stm32l475e_iot01.c:354:13:I2Cx_MspInit	48	static
../Core/Src/stm32l475e_iot01.c:396:13:I2Cx_MspDeInit	40	static
../Core/Src/stm32l475e_iot01.c:415:13:I2Cx_Init	16	static
../Core/Src/stm32l475e_iot01.c:440:13:I2Cx_DeInit	16	static
../Core/Src/stm32l475e_iot01.c:456:26:I2Cx_ReadMultiple	48	static
../Core/Src/stm32l475e_iot01.c:482:26:I2Cx_WriteMultiple	48	static
../Core/Src/stm32l475e_iot01.c:505:26:I2Cx_IsDeviceReady	24	static
../Core/Src/stm32l475e_iot01.c:516:13:I2Cx_Error	16	static
../Core/Src/stm32l475e_iot01.c:538:6:SENSOR_IO_Init	8	static
../Core/Src/stm32l475e_iot01.c:547:6:SENSOR_IO_DeInit	8	static
../Core/Src/stm32l475e_iot01.c:559:6:SENSOR_IO_Write	24	static
../Core/Src/stm32l475e_iot01.c:570:9:SENSOR_IO_Read	32	static
../Core/Src/stm32l475e_iot01.c:588:10:SENSOR_IO_ReadMultiple	24	static
../Core/Src/stm32l475e_iot01.c:602:6:SENSOR_IO_WriteMultiple	24	static
../Core/Src/stm32l475e_iot01.c:614:19:SENSOR_IO_IsDeviceReady	16	static
../Core/Src/stm32l475e_iot01.c:624:6:SENSOR_IO_Delay	16	static
../Core/Src/stm32l475e_iot01.c:636:6:NFC_IO_Init	40	static
../Core/Src/stm32l475e_iot01.c:678:6:NFC_IO_DeInit	8	static
../Core/Src/stm32l475e_iot01.c:690:10:NFC_IO_ReadMultiple	32	static
../Core/Src/stm32l475e_iot01.c:716:11:NFC_IO_WriteMultiple	32	static
../Core/Src/stm32l475e_iot01.c:741:12:NFC_IO_IsDeviceReady	32	static
../Core/Src/stm32l475e_iot01.c:769:6:NFC_IO_ReadState	16	static
../Core/Src/stm32l475e_iot01.c:778:6:NFC_IO_RfDisable	16	static
../Core/Src/stm32l475e_iot01.c:788:6:NFC_IO_Delay	16	static
