../Drivers/Components/ls016b8uy/ls016b8uy.c:114:6:ls016b8uy_Init	16	static
../Drivers/Components/ls016b8uy/ls016b8uy.c:190:6:ls016b8uy_DisplayOn	8	static
../Drivers/Components/ls016b8uy/ls016b8uy.c:201:6:ls016b8uy_DisplayOff	8	static
../Drivers/Components/ls016b8uy/ls016b8uy.c:214:10:ls016b8uy_GetLcdPixelWidth	4	static
../Drivers/Components/ls016b8uy/ls016b8uy.c:224:10:ls016b8uy_GetLcdPixelHeight	4	static
../Drivers/Components/ls016b8uy/ls016b8uy.c:234:10:ls016b8uy_ReadID	8	static
../Drivers/Components/ls016b8uy/ls016b8uy.c:247:6:ls016b8uy_SetCursor	24	static
../Drivers/Components/ls016b8uy/ls016b8uy.c:270:6:ls016b8uy_WritePixel	32	static
../Drivers/Components/ls016b8uy/ls016b8uy.c:300:10:ls016b8uy_ReadPixel	32	static
../Drivers/Components/ls016b8uy/ls016b8uy.c:329:6:ls016b8uy_WriteReg	24	static
../Drivers/Components/ls016b8uy/ls016b8uy.c:348:9:ls016b8uy_ReadReg	16	static
../Drivers/Components/ls016b8uy/ls016b8uy.c:368:6:ls016b8uy_SetDisplayWindow	16	static
../Drivers/Components/ls016b8uy/ls016b8uy.c:415:6:ls016b8uy_DrawHLine	40	static
../Drivers/Components/ls016b8uy/ls016b8uy.c:456:6:ls016b8uy_DrawVLine	32	static
../Drivers/Components/ls016b8uy/ls016b8uy.c:480:6:ls016b8uy_DrawBitmap	40	static
../Drivers/Components/ls016b8uy/ls016b8uy.c:517:6:ls016b8uy_DrawRGBImage	32	static
../Drivers/Components/ls016b8uy/ls016b8uy.c:543:25:ls016b8uy_ReadPixel_rgb888	32	static
../Drivers/Components/ls016b8uy/ls016b8uy.c:585:13:ls016b8uy_DrawRGBHLine	48	static
